// Jest Snapshot v1, https://goo.gl/fbAQLP

exports[`renders correctly 1`] = `
<div
  className="card"
>
  <img
    alt="Title"
    className="card-img-top"
    src="ImageUrl"
  />
  <div
    className="card-body"
  >
    <h3>
      Title
    </h3>
    <p
      className="card-text"
    >
      my@email.com
    </p>
  </div>
</div>
`;
